// Validating benchmarks:
// ***** BenchmarkRunner: Start   *****
// ***** Found 8 benchmark(s) in total *****
// ***** Building 1 exe(s) in Parallel: Start   *****
// start dotnet  restore --nodeReuse:false /p:UseSharedCompilation=false /p:Deterministic=true /p:Optimize=true /p:ArtifactsPath="/Users/antaoalmada/Projects/Stationary/benchmarks/Stationary.Ftms.Benchmarks/bin/Release/net10.0/Stationary.Ftms.Benchmarks-DefaultJob-1/" /p:OutDir="/Users/antaoalmada/Projects/Stationary/benchmarks/Stationary.Ftms.Benchmarks/bin/Release/net10.0/Stationary.Ftms.Benchmarks-DefaultJob-1/bin/Release/net10.0/" /p:OutputPath="/Users/antaoalmada/Projects/Stationary/benchmarks/Stationary.Ftms.Benchmarks/bin/Release/net10.0/Stationary.Ftms.Benchmarks-DefaultJob-1/bin/Release/net10.0/" /p:PublishDir="/Users/antaoalmada/Projects/Stationary/benchmarks/Stationary.Ftms.Benchmarks/bin/Release/net10.0/Stationary.Ftms.Benchmarks-DefaultJob-1/publish/" in /Users/antaoalmada/Projects/Stationary/benchmarks/Stationary.Ftms.Benchmarks/bin/Release/net10.0/Stationary.Ftms.Benchmarks-DefaultJob-1
// command took 0.74 sec and exited with 0
// start dotnet  build -c Release --no-restore --nodeReuse:false /p:UseSharedCompilation=false /p:Deterministic=true /p:Optimize=true /p:ArtifactsPath="/Users/antaoalmada/Projects/Stationary/benchmarks/Stationary.Ftms.Benchmarks/bin/Release/net10.0/Stationary.Ftms.Benchmarks-DefaultJob-1/" /p:OutDir="/Users/antaoalmada/Projects/Stationary/benchmarks/Stationary.Ftms.Benchmarks/bin/Release/net10.0/Stationary.Ftms.Benchmarks-DefaultJob-1/bin/Release/net10.0/" /p:OutputPath="/Users/antaoalmada/Projects/Stationary/benchmarks/Stationary.Ftms.Benchmarks/bin/Release/net10.0/Stationary.Ftms.Benchmarks-DefaultJob-1/bin/Release/net10.0/" /p:PublishDir="/Users/antaoalmada/Projects/Stationary/benchmarks/Stationary.Ftms.Benchmarks/bin/Release/net10.0/Stationary.Ftms.Benchmarks-DefaultJob-1/publish/" --output "/Users/antaoalmada/Projects/Stationary/benchmarks/Stationary.Ftms.Benchmarks/bin/Release/net10.0/Stationary.Ftms.Benchmarks-DefaultJob-1/bin/Release/net10.0/" in /Users/antaoalmada/Projects/Stationary/benchmarks/Stationary.Ftms.Benchmarks/bin/Release/net10.0/Stationary.Ftms.Benchmarks-DefaultJob-1
// command took 5.91 sec and exited with 0
// ***** Done, took 00:00:06 (6.82 sec)   *****
// Found 8 benchmarks:
//   FtmsCodecBenchmarks.DecodeFitnessMachineFeature: DefaultJob
//   FtmsCodecBenchmarks.EncodeFitnessMachineFeature: DefaultJob
//   FtmsCodecBenchmarks.DecodeMinimalIndoorBikeData: DefaultJob
//   FtmsCodecBenchmarks.DecodeFullIndoorBikeData: DefaultJob
//   FtmsCodecBenchmarks.DecodeFullIndoorBikeDataCompatible: DefaultJob
//   FtmsCodecBenchmarks.DecodeTruncatedIndoorBikeData: DefaultJob
//   FtmsCodecBenchmarks.EncodeFullIndoorBikeData: DefaultJob
//   FtmsCodecBenchmarks.ValidateFullTreadmillData: DefaultJob

// **************************
// Benchmark: FtmsCodecBenchmarks.DecodeFitnessMachineFeature: DefaultJob
// *** Execute ***
// Launch: 1 / 1
// Execute: dotnet Stationary.Ftms.Benchmarks-DefaultJob-1.dll --anonymousPipes 123 124 --benchmarkName Stationary.Ftms.Benchmarks.FtmsCodecBenchmarks.DecodeFitnessMachineFeature --job Default --benchmarkId 0 in /Users/antaoalmada/Projects/Stationary/benchmarks/Stationary.Ftms.Benchmarks/bin/Release/net10.0/Stationary.Ftms.Benchmarks-DefaultJob-1/bin/Release/net10.0
// Failed to set up high priority (Permission denied). In order to run benchmarks with high priority, make sure you have the right permissions.
// BeforeAnythingElse

// Benchmark Process Environment Information:
// BenchmarkDotNet v0.15.8
// Runtime=.NET 10.0.0 (10.0.0, 10.0.25.52411), Arm64 RyuJIT armv8.0-a
// GC=Concurrent Workstation
// HardwareIntrinsics=ArmBase+AdvSimd,AES,CRC32,DP,RDM,SHA1,SHA256 VectorSize=128
// Job: DefaultJob

OverheadJitting  1: 1 op, 120083.00 ns, 120.0830 us/op
WorkloadJitting  1: 1 op, 271917.00 ns, 271.9170 us/op

OverheadJitting  2: 16 op, 141250.00 ns, 8.8281 us/op
WorkloadJitting  2: 16 op, 121584.00 ns, 7.5990 us/op

WorkloadPilot    1: 16 op, 709.00 ns, 44.3125 ns/op
WorkloadPilot    2: 32 op, 667.00 ns, 20.8438 ns/op
WorkloadPilot    3: 64 op, 833.00 ns, 13.0156 ns/op
WorkloadPilot    4: 128 op, 1209.00 ns, 9.4453 ns/op
WorkloadPilot    5: 256 op, 2291.00 ns, 8.9492 ns/op
WorkloadPilot    6: 512 op, 4500.00 ns, 8.7891 ns/op
WorkloadPilot    7: 1024 op, 8750.00 ns, 8.5449 ns/op
WorkloadPilot    8: 2048 op, 17209.00 ns, 8.4028 ns/op
WorkloadPilot    9: 4096 op, 34250.00 ns, 8.3618 ns/op
WorkloadPilot   10: 8192 op, 67292.00 ns, 8.2144 ns/op
WorkloadPilot   11: 16384 op, 133375.00 ns, 8.1406 ns/op
WorkloadPilot   12: 32768 op, 266291.00 ns, 8.1266 ns/op
WorkloadPilot   13: 65536 op, 538958.00 ns, 8.2238 ns/op
WorkloadPilot   14: 131072 op, 1329542.00 ns, 10.1436 ns/op
WorkloadPilot   15: 262144 op, 2154542.00 ns, 8.2189 ns/op
WorkloadPilot   16: 524288 op, 4780208.00 ns, 9.1175 ns/op
WorkloadPilot   17: 1048576 op, 46429709.00 ns, 44.2788 ns/op
WorkloadPilot   18: 2097152 op, 28705375.00 ns, 13.6878 ns/op
WorkloadPilot   19: 4194304 op, 35570917.00 ns, 8.4808 ns/op
WorkloadPilot   20: 8388608 op, 69598416.00 ns, 8.2968 ns/op
WorkloadPilot   21: 16777216 op, 60479042.00 ns, 3.6048 ns/op
WorkloadPilot   22: 33554432 op, 56462792.00 ns, 1.6827 ns/op
WorkloadPilot   23: 67108864 op, 112730208.00 ns, 1.6798 ns/op
WorkloadPilot   24: 134217728 op, 225660125.00 ns, 1.6813 ns/op
WorkloadPilot   25: 268435456 op, 451723958.00 ns, 1.6828 ns/op
WorkloadPilot   26: 536870912 op, 906640584.00 ns, 1.6887 ns/op

OverheadWarmup   1: 536870912 op, 847444917.00 ns, 1.5785 ns/op
OverheadWarmup   2: 536870912 op, 786016541.00 ns, 1.4641 ns/op
OverheadWarmup   3: 536870912 op, 784535500.00 ns, 1.4613 ns/op
OverheadWarmup   4: 536870912 op, 782927583.00 ns, 1.4583 ns/op
OverheadWarmup   5: 536870912 op, 783666125.00 ns, 1.4597 ns/op
OverheadWarmup   6: 536870912 op, 785423334.00 ns, 1.4630 ns/op
OverheadWarmup   7: 536870912 op, 789457542.00 ns, 1.4705 ns/op
OverheadWarmup   8: 536870912 op, 786443250.00 ns, 1.4649 ns/op
OverheadWarmup   9: 536870912 op, 787439917.00 ns, 1.4667 ns/op
OverheadWarmup  10: 536870912 op, 785865208.00 ns, 1.4638 ns/op

OverheadActual   1: 536870912 op, 784731375.00 ns, 1.4617 ns/op
OverheadActual   2: 536870912 op, 828143958.00 ns, 1.5425 ns/op
OverheadActual   3: 536870912 op, 789235250.00 ns, 1.4701 ns/op
OverheadActual   4: 536870912 op, 784776417.00 ns, 1.4618 ns/op
OverheadActual   5: 536870912 op, 787555083.00 ns, 1.4669 ns/op
OverheadActual   6: 536870912 op, 786636500.00 ns, 1.4652 ns/op
OverheadActual   7: 536870912 op, 781635292.00 ns, 1.4559 ns/op
OverheadActual   8: 536870912 op, 788127208.00 ns, 1.4680 ns/op
OverheadActual   9: 536870912 op, 903196125.00 ns, 1.6823 ns/op
OverheadActual  10: 536870912 op, 827166292.00 ns, 1.5407 ns/op
OverheadActual  11: 536870912 op, 785601750.00 ns, 1.4633 ns/op
OverheadActual  12: 536870912 op, 784989375.00 ns, 1.4622 ns/op
OverheadActual  13: 536870912 op, 787643667.00 ns, 1.4671 ns/op
OverheadActual  14: 536870912 op, 787146542.00 ns, 1.4662 ns/op
OverheadActual  15: 536870912 op, 785044834.00 ns, 1.4623 ns/op

WorkloadWarmup   1: 536870912 op, 902484083.00 ns, 1.6810 ns/op
WorkloadWarmup   2: 536870912 op, 901867042.00 ns, 1.6799 ns/op
WorkloadWarmup   3: 536870912 op, 905577709.00 ns, 1.6868 ns/op
WorkloadWarmup   4: 536870912 op, 941656167.00 ns, 1.7540 ns/op
WorkloadWarmup   5: 536870912 op, 912821750.00 ns, 1.7003 ns/op
WorkloadWarmup   6: 536870912 op, 901855250.00 ns, 1.6798 ns/op
WorkloadWarmup   7: 536870912 op, 904252792.00 ns, 1.6843 ns/op
WorkloadWarmup   8: 536870912 op, 912031833.00 ns, 1.6988 ns/op
WorkloadWarmup   9: 536870912 op, 908049584.00 ns, 1.6914 ns/op

// BeforeActualRun
WorkloadActual   1: 536870912 op, 908262917.00 ns, 1.6918 ns/op
WorkloadActual   2: 536870912 op, 905532958.00 ns, 1.6867 ns/op
WorkloadActual   3: 536870912 op, 904202417.00 ns, 1.6842 ns/op
WorkloadActual   4: 536870912 op, 910384292.00 ns, 1.6957 ns/op
WorkloadActual   5: 536870912 op, 902991083.00 ns, 1.6820 ns/op
WorkloadActual   6: 536870912 op, 902088292.00 ns, 1.6803 ns/op
WorkloadActual   7: 536870912 op, 956583959.00 ns, 1.7818 ns/op
WorkloadActual   8: 536870912 op, 905249708.00 ns, 1.6862 ns/op
WorkloadActual   9: 536870912 op, 901044959.00 ns, 1.6783 ns/op
WorkloadActual  10: 536870912 op, 903003958.00 ns, 1.6820 ns/op
WorkloadActual  11: 536870912 op, 901496208.00 ns, 1.6792 ns/op
WorkloadActual  12: 536870912 op, 900915708.00 ns, 1.6781 ns/op
WorkloadActual  13: 536870912 op, 901771625.00 ns, 1.6797 ns/op
WorkloadActual  14: 536870912 op, 901035250.00 ns, 1.6783 ns/op
WorkloadActual  15: 536870912 op, 901855667.00 ns, 1.6798 ns/op

// AfterActualRun
WorkloadResult   1: 536870912 op, 121116375.00 ns, 0.2256 ns/op
WorkloadResult   2: 536870912 op, 118386416.00 ns, 0.2205 ns/op
WorkloadResult   3: 536870912 op, 117055875.00 ns, 0.2180 ns/op
WorkloadResult   4: 536870912 op, 123237750.00 ns, 0.2295 ns/op
WorkloadResult   5: 536870912 op, 115844541.00 ns, 0.2158 ns/op
WorkloadResult   6: 536870912 op, 114941750.00 ns, 0.2141 ns/op
WorkloadResult   7: 536870912 op, 118103166.00 ns, 0.2200 ns/op
WorkloadResult   8: 536870912 op, 113898417.00 ns, 0.2122 ns/op
WorkloadResult   9: 536870912 op, 115857416.00 ns, 0.2158 ns/op
WorkloadResult  10: 536870912 op, 114349666.00 ns, 0.2130 ns/op
WorkloadResult  11: 536870912 op, 113769166.00 ns, 0.2119 ns/op
WorkloadResult  12: 536870912 op, 114625083.00 ns, 0.2135 ns/op
WorkloadResult  13: 536870912 op, 113888708.00 ns, 0.2121 ns/op
WorkloadResult  14: 536870912 op, 114709125.00 ns, 0.2137 ns/op
// GC:  0 0 0 0 536870912
// Threading:  0 0 536870912

// AfterAll
// Benchmark Process 59251 has exited with code 0.

Mean = 0.217 ns, StdErr = 0.001 ns (0.66%), N = 14, StdDev = 0.005 ns
Min = 0.212 ns, Q1 = 0.213 ns, Median = 0.215 ns, Q3 = 0.219 ns, Max = 0.230 ns
IQR = 0.006 ns, LowerFence = 0.204 ns, UpperFence = 0.229 ns
ConfidenceInterval = [0.211 ns; 0.223 ns] (CI 99.9%), Margin = 0.006 ns (2.80% of Mean)
Skewness = 1.07, Kurtosis = 2.91, MValue = 2

// ** Remained 7 (87,5%) benchmark(s) to run. Estimated finish 2026-09-07 0:05 (0h 5m from now) **
// **************************
// Benchmark: FtmsCodecBenchmarks.EncodeFitnessMachineFeature: DefaultJob
// *** Execute ***
// Launch: 1 / 1
// Execute: dotnet Stationary.Ftms.Benchmarks-DefaultJob-1.dll --anonymousPipes 123 124 --benchmarkName Stationary.Ftms.Benchmarks.FtmsCodecBenchmarks.EncodeFitnessMachineFeature --job Default --benchmarkId 1 in /Users/antaoalmada/Projects/Stationary/benchmarks/Stationary.Ftms.Benchmarks/bin/Release/net10.0/Stationary.Ftms.Benchmarks-DefaultJob-1/bin/Release/net10.0
// Failed to set up high priority (Permission denied). In order to run benchmarks with high priority, make sure you have the right permissions.
// BeforeAnythingElse

// Benchmark Process Environment Information:
// BenchmarkDotNet v0.15.8
// Runtime=.NET 10.0.0 (10.0.0, 10.0.25.52411), Arm64 RyuJIT armv8.0-a
// GC=Concurrent Workstation
// HardwareIntrinsics=ArmBase+AdvSimd,AES,CRC32,DP,RDM,SHA1,SHA256 VectorSize=128
// Job: DefaultJob

OverheadJitting  1: 1 op, 108875.00 ns, 108.8750 us/op
WorkloadJitting  1: 1 op, 218583.00 ns, 218.5830 us/op

OverheadJitting  2: 16 op, 339917.00 ns, 21.2448 us/op
WorkloadJitting  2: 16 op, 370292.00 ns, 23.1433 us/op

WorkloadPilot    1: 16 op, 833.00 ns, 52.0625 ns/op
WorkloadPilot    2: 32 op, 750.00 ns, 23.4375 ns/op
WorkloadPilot    3: 64 op, 750.00 ns, 11.7188 ns/op
WorkloadPilot    4: 128 op, 1250.00 ns, 9.7656 ns/op
WorkloadPilot    5: 256 op, 2417.00 ns, 9.4414 ns/op
WorkloadPilot    6: 512 op, 4958.00 ns, 9.6836 ns/op
WorkloadPilot    7: 1024 op, 9667.00 ns, 9.4404 ns/op
WorkloadPilot    8: 2048 op, 19125.00 ns, 9.3384 ns/op
WorkloadPilot    9: 4096 op, 37917.00 ns, 9.2571 ns/op
WorkloadPilot   10: 8192 op, 73417.00 ns, 8.9620 ns/op
WorkloadPilot   11: 16384 op, 144500.00 ns, 8.8196 ns/op
WorkloadPilot   12: 32768 op, 287791.00 ns, 8.7827 ns/op
WorkloadPilot   13: 65536 op, 608125.00 ns, 9.2793 ns/op
WorkloadPilot   14: 131072 op, 1184458.00 ns, 9.0367 ns/op
WorkloadPilot   15: 262144 op, 2303916.00 ns, 8.7887 ns/op
WorkloadPilot   16: 524288 op, 4990917.00 ns, 9.5194 ns/op
WorkloadPilot   17: 1048576 op, 9543333.00 ns, 9.1012 ns/op
WorkloadPilot   18: 2097152 op, 18855167.00 ns, 8.9908 ns/op
WorkloadPilot   19: 4194304 op, 38278334.00 ns, 9.1263 ns/op
WorkloadPilot   20: 8388608 op, 54529792.00 ns, 6.5005 ns/op
WorkloadPilot   21: 16777216 op, 39542708.00 ns, 2.3569 ns/op
WorkloadPilot   22: 33554432 op, 78856167.00 ns, 2.3501 ns/op
WorkloadPilot   23: 67108864 op, 157718208.00 ns, 2.3502 ns/op
WorkloadPilot   24: 134217728 op, 359058833.00 ns, 2.6752 ns/op
WorkloadPilot   25: 268435456 op, 637915625.00 ns, 2.3764 ns/op

OverheadWarmup   1: 268435456 op, 418506750.00 ns, 1.5591 ns/op
OverheadWarmup   2: 268435456 op, 335756000.00 ns, 1.2508 ns/op
OverheadWarmup   3: 268435456 op, 331784875.00 ns, 1.2360 ns/op
OverheadWarmup   4: 268435456 op, 331698042.00 ns, 1.2357 ns/op
OverheadWarmup   5: 268435456 op, 331423459.00 ns, 1.2346 ns/op
OverheadWarmup   6: 268435456 op, 329349500.00 ns, 1.2269 ns/op
OverheadWarmup   7: 268435456 op, 332949625.00 ns, 1.2403 ns/op
OverheadWarmup   8: 268435456 op, 330278458.00 ns, 1.2304 ns/op
OverheadWarmup   9: 268435456 op, 327050083.00 ns, 1.2184 ns/op
OverheadWarmup  10: 268435456 op, 328282958.00 ns, 1.2229 ns/op

OverheadActual   1: 268435456 op, 326725708.00 ns, 1.2171 ns/op
OverheadActual   2: 268435456 op, 324406000.00 ns, 1.2085 ns/op
OverheadActual   3: 268435456 op, 323365417.00 ns, 1.2046 ns/op
OverheadActual   4: 268435456 op, 323415417.00 ns, 1.2048 ns/op
OverheadActual   5: 268435456 op, 323358917.00 ns, 1.2046 ns/op
OverheadActual   6: 268435456 op, 323704167.00 ns, 1.2059 ns/op
OverheadActual   7: 268435456 op, 323067916.00 ns, 1.2035 ns/op
OverheadActual   8: 268435456 op, 325615042.00 ns, 1.2130 ns/op
OverheadActual   9: 268435456 op, 323219916.00 ns, 1.2041 ns/op
OverheadActual  10: 268435456 op, 323819166.00 ns, 1.2063 ns/op
OverheadActual  11: 268435456 op, 326046959.00 ns, 1.2146 ns/op
OverheadActual  12: 268435456 op, 328128083.00 ns, 1.2224 ns/op
OverheadActual  13: 268435456 op, 327455250.00 ns, 1.2199 ns/op
OverheadActual  14: 268435456 op, 327213041.00 ns, 1.2190 ns/op
OverheadActual  15: 268435456 op, 327981750.00 ns, 1.2218 ns/op

WorkloadWarmup   1: 268435456 op, 645072417.00 ns, 2.4031 ns/op
WorkloadWarmup   2: 268435456 op, 645433125.00 ns, 2.4044 ns/op
WorkloadWarmup   3: 268435456 op, 682842875.00 ns, 2.5438 ns/op
WorkloadWarmup   4: 268435456 op, 630288792.00 ns, 2.3480 ns/op
WorkloadWarmup   5: 268435456 op, 631009750.00 ns, 2.3507 ns/op
WorkloadWarmup   6: 268435456 op, 636444084.00 ns, 2.3709 ns/op
WorkloadWarmup   7: 268435456 op, 633575583.00 ns, 2.3603 ns/op

// BeforeActualRun
WorkloadActual   1: 268435456 op, 633530666.00 ns, 2.3601 ns/op
WorkloadActual   2: 268435456 op, 636101917.00 ns, 2.3697 ns/op
WorkloadActual   3: 268435456 op, 636843375.00 ns, 2.3724 ns/op
WorkloadActual   4: 268435456 op, 630943083.00 ns, 2.3504 ns/op
WorkloadActual   5: 268435456 op, 630056416.00 ns, 2.3471 ns/op
WorkloadActual   6: 268435456 op, 631127584.00 ns, 2.3511 ns/op
WorkloadActual   7: 268435456 op, 630250250.00 ns, 2.3479 ns/op
WorkloadActual   8: 268435456 op, 630339959.00 ns, 2.3482 ns/op
WorkloadActual   9: 268435456 op, 628881500.00 ns, 2.3428 ns/op
WorkloadActual  10: 268435456 op, 629963583.00 ns, 2.3468 ns/op
WorkloadActual  11: 268435456 op, 629886583.00 ns, 2.3465 ns/op
WorkloadActual  12: 268435456 op, 633553792.00 ns, 2.3602 ns/op
WorkloadActual  13: 268435456 op, 630633709.00 ns, 2.3493 ns/op
WorkloadActual  14: 268435456 op, 686769417.00 ns, 2.5584 ns/op
WorkloadActual  15: 268435456 op, 636606833.00 ns, 2.3715 ns/op

// AfterActualRun
WorkloadResult   1: 268435456 op, 309124666.00 ns, 1.1516 ns/op
WorkloadResult   2: 268435456 op, 311695917.00 ns, 1.1612 ns/op
WorkloadResult   3: 268435456 op, 312437375.00 ns, 1.1639 ns/op
WorkloadResult   4: 268435456 op, 306537083.00 ns, 1.1419 ns/op
WorkloadResult   5: 268435456 op, 305650416.00 ns, 1.1386 ns/op
WorkloadResult   6: 268435456 op, 306721584.00 ns, 1.1426 ns/op
WorkloadResult   7: 268435456 op, 305844250.00 ns, 1.1394 ns/op
WorkloadResult   8: 268435456 op, 305933959.00 ns, 1.1397 ns/op
WorkloadResult   9: 268435456 op, 304475500.00 ns, 1.1343 ns/op
WorkloadResult  10: 268435456 op, 305557583.00 ns, 1.1383 ns/op
WorkloadResult  11: 268435456 op, 305480583.00 ns, 1.1380 ns/op
WorkloadResult  12: 268435456 op, 309147792.00 ns, 1.1517 ns/op
WorkloadResult  13: 268435456 op, 306227709.00 ns, 1.1408 ns/op
WorkloadResult  14: 268435456 op, 312200833.00 ns, 1.1630 ns/op
// GC:  0 0 0 32 268435456
// Threading:  0 0 268435456

// AfterAll
// Benchmark Process 59428 has exited with code 0.

Mean = 1.146 ns, StdErr = 0.003 ns (0.24%), N = 14, StdDev = 0.010 ns
Min = 1.134 ns, Q1 = 1.139 ns, Median = 1.141 ns, Q3 = 1.152 ns, Max = 1.164 ns
IQR = 0.013 ns, LowerFence = 1.120 ns, UpperFence = 1.171 ns
ConfidenceInterval = [1.135 ns; 1.158 ns] (CI 99.9%), Margin = 0.012 ns (1.01% of Mean)
Skewness = 0.7, Kurtosis = 1.79, MValue = 2

// ** Remained 6 (75,0%) benchmark(s) to run. Estimated finish 2026-09-07 0:04 (0h 3m from now) **
// **************************
// Benchmark: FtmsCodecBenchmarks.DecodeMinimalIndoorBikeData: DefaultJob
// *** Execute ***
// Launch: 1 / 1
// Execute: dotnet Stationary.Ftms.Benchmarks-DefaultJob-1.dll --anonymousPipes 123 124 --benchmarkName Stationary.Ftms.Benchmarks.FtmsCodecBenchmarks.DecodeMinimalIndoorBikeData --job Default --benchmarkId 2 in /Users/antaoalmada/Projects/Stationary/benchmarks/Stationary.Ftms.Benchmarks/bin/Release/net10.0/Stationary.Ftms.Benchmarks-DefaultJob-1/bin/Release/net10.0
// Failed to set up high priority (Permission denied). In order to run benchmarks with high priority, make sure you have the right permissions.
// BeforeAnythingElse

// Benchmark Process Environment Information:
// BenchmarkDotNet v0.15.8
// Runtime=.NET 10.0.0 (10.0.0, 10.0.25.52411), Arm64 RyuJIT armv8.0-a
// GC=Concurrent Workstation
// HardwareIntrinsics=ArmBase+AdvSimd,AES,CRC32,DP,RDM,SHA1,SHA256 VectorSize=128
// Job: DefaultJob

OverheadJitting  1: 1 op, 112583.00 ns, 112.5830 us/op
WorkloadJitting  1: 1 op, 165709.00 ns, 165.7090 us/op

OverheadJitting  2: 16 op, 134833.00 ns, 8.4271 us/op
WorkloadJitting  2: 16 op, 118375.00 ns, 7.3984 us/op

WorkloadPilot    1: 16 op, 1333.00 ns, 83.3125 ns/op
WorkloadPilot    2: 32 op, 2625.00 ns, 82.0313 ns/op
WorkloadPilot    3: 64 op, 4500.00 ns, 70.3125 ns/op
WorkloadPilot    4: 128 op, 7541.00 ns, 58.9141 ns/op
WorkloadPilot    5: 256 op, 13375.00 ns, 52.2461 ns/op
WorkloadPilot    6: 512 op, 25750.00 ns, 50.2930 ns/op
WorkloadPilot    7: 1024 op, 50792.00 ns, 49.6016 ns/op
WorkloadPilot    8: 2048 op, 99125.00 ns, 48.4009 ns/op
WorkloadPilot    9: 4096 op, 195083.00 ns, 47.6277 ns/op
WorkloadPilot   10: 8192 op, 387000.00 ns, 47.2412 ns/op
WorkloadPilot   11: 16384 op, 792042.00 ns, 48.3424 ns/op
WorkloadPilot   12: 32768 op, 1585042.00 ns, 48.3716 ns/op
WorkloadPilot   13: 65536 op, 3104708.00 ns, 47.3741 ns/op
WorkloadPilot   14: 131072 op, 6381333.00 ns, 48.6857 ns/op
WorkloadPilot   15: 262144 op, 12691458.00 ns, 48.4141 ns/op
WorkloadPilot   16: 524288 op, 25061500.00 ns, 47.8010 ns/op
WorkloadPilot   17: 1048576 op, 50321000.00 ns, 47.9898 ns/op
WorkloadPilot   18: 2097152 op, 54173250.00 ns, 25.8318 ns/op
WorkloadPilot   19: 4194304 op, 68932792.00 ns, 16.4349 ns/op
WorkloadPilot   20: 8388608 op, 137429667.00 ns, 16.3829 ns/op
WorkloadPilot   21: 16777216 op, 274522334.00 ns, 16.3628 ns/op
WorkloadPilot   22: 33554432 op, 549186250.00 ns, 16.3670 ns/op

OverheadWarmup   1: 33554432 op, 71091750.00 ns, 2.1187 ns/op
OverheadWarmup   2: 33554432 op, 71684125.00 ns, 2.1364 ns/op
OverheadWarmup   3: 33554432 op, 69567417.00 ns, 2.0733 ns/op
OverheadWarmup   4: 33554432 op, 50279750.00 ns, 1.4985 ns/op
OverheadWarmup   5: 33554432 op, 49985167.00 ns, 1.4897 ns/op
OverheadWarmup   6: 33554432 op, 49947709.00 ns, 1.4886 ns/op
OverheadWarmup   7: 33554432 op, 50431083.00 ns, 1.5030 ns/op
OverheadWarmup   8: 33554432 op, 50227125.00 ns, 1.4969 ns/op

OverheadActual   1: 33554432 op, 51260583.00 ns, 1.5277 ns/op
OverheadActual   2: 33554432 op, 50329083.00 ns, 1.4999 ns/op
OverheadActual   3: 33554432 op, 49926917.00 ns, 1.4879 ns/op
OverheadActual   4: 33554432 op, 49812000.00 ns, 1.4845 ns/op
OverheadActual   5: 33554432 op, 49652416.00 ns, 1.4798 ns/op
OverheadActual   6: 33554432 op, 49738500.00 ns, 1.4823 ns/op
OverheadActual   7: 33554432 op, 50789000.00 ns, 1.5136 ns/op
OverheadActual   8: 33554432 op, 49898250.00 ns, 1.4871 ns/op
OverheadActual   9: 33554432 op, 50132958.00 ns, 1.4941 ns/op
OverheadActual  10: 33554432 op, 49774500.00 ns, 1.4834 ns/op
OverheadActual  11: 33554432 op, 49785667.00 ns, 1.4837 ns/op
OverheadActual  12: 33554432 op, 50712083.00 ns, 1.5113 ns/op
OverheadActual  13: 33554432 op, 49838916.00 ns, 1.4853 ns/op
OverheadActual  14: 33554432 op, 50589250.00 ns, 1.5077 ns/op
OverheadActual  15: 33554432 op, 50556791.00 ns, 1.5067 ns/op

WorkloadWarmup   1: 33554432 op, 550185541.00 ns, 16.3968 ns/op
WorkloadWarmup   2: 33554432 op, 549412292.00 ns, 16.3738 ns/op
WorkloadWarmup   3: 33554432 op, 557812208.00 ns, 16.6241 ns/op
WorkloadWarmup   4: 33554432 op, 553704583.00 ns, 16.5017 ns/op
WorkloadWarmup   5: 33554432 op, 606262792.00 ns, 18.0680 ns/op
WorkloadWarmup   6: 33554432 op, 554443083.00 ns, 16.5237 ns/op

// BeforeActualRun
WorkloadActual   1: 33554432 op, 550200291.00 ns, 16.3972 ns/op
WorkloadActual   2: 33554432 op, 554812584.00 ns, 16.5347 ns/op
WorkloadActual   3: 33554432 op, 554679500.00 ns, 16.5307 ns/op
WorkloadActual   4: 33554432 op, 555719458.00 ns, 16.5617 ns/op
WorkloadActual   5: 33554432 op, 555578500.00 ns, 16.5575 ns/op
WorkloadActual   6: 33554432 op, 552280125.00 ns, 16.4592 ns/op
WorkloadActual   7: 33554432 op, 558096250.00 ns, 16.6326 ns/op
WorkloadActual   8: 33554432 op, 557035125.00 ns, 16.6009 ns/op
WorkloadActual   9: 33554432 op, 554775292.00 ns, 16.5336 ns/op
WorkloadActual  10: 33554432 op, 550664750.00 ns, 16.4111 ns/op
WorkloadActual  11: 33554432 op, 549728208.00 ns, 16.3832 ns/op
WorkloadActual  12: 33554432 op, 552966166.00 ns, 16.4797 ns/op
WorkloadActual  13: 33554432 op, 558470167.00 ns, 16.6437 ns/op
WorkloadActual  14: 33554432 op, 552357250.00 ns, 16.4615 ns/op
WorkloadActual  15: 33554432 op, 550877667.00 ns, 16.4174 ns/op

// AfterActualRun
WorkloadResult   1: 33554432 op, 500273374.00 ns, 14.9093 ns/op
WorkloadResult   2: 33554432 op, 504885667.00 ns, 15.0468 ns/op
WorkloadResult   3: 33554432 op, 504752583.00 ns, 15.0428 ns/op
WorkloadResult   4: 33554432 op, 505792541.00 ns, 15.0738 ns/op
WorkloadResult   5: 33554432 op, 505651583.00 ns, 15.0696 ns/op
WorkloadResult   6: 33554432 op, 502353208.00 ns, 14.9713 ns/op
WorkloadResult   7: 33554432 op, 508169333.00 ns, 15.1446 ns/op
WorkloadResult   8: 33554432 op, 507108208.00 ns, 15.1130 ns/op
WorkloadResult   9: 33554432 op, 504848375.00 ns, 15.0457 ns/op
WorkloadResult  10: 33554432 op, 500737833.00 ns, 14.9232 ns/op
WorkloadResult  11: 33554432 op, 499801291.00 ns, 14.8952 ns/op
WorkloadResult  12: 33554432 op, 503039249.00 ns, 14.9917 ns/op
WorkloadResult  13: 33554432 op, 508543250.00 ns, 15.1558 ns/op
WorkloadResult  14: 33554432 op, 502430333.00 ns, 14.9736 ns/op
WorkloadResult  15: 33554432 op, 500950750.00 ns, 14.9295 ns/op
// GC:  0 0 0 0 33554432
// Threading:  0 0 33554432

// AfterAll
// Benchmark Process 59524 has exited with code 0.

Mean = 15.019 ns, StdErr = 0.022 ns (0.15%), N = 15, StdDev = 0.085 ns
Min = 14.895 ns, Q1 = 14.950 ns, Median = 15.043 ns, Q3 = 15.072 ns, Max = 15.156 ns
IQR = 0.121 ns, LowerFence = 14.768 ns, UpperFence = 15.254 ns
ConfidenceInterval = [14.928 ns; 15.110 ns] (CI 99.9%), Margin = 0.091 ns (0.60% of Mean)
Skewness = 0.07, Kurtosis = 1.59, MValue = 2

// ** Remained 5 (62,5%) benchmark(s) to run. Estimated finish 2026-09-07 0:03 (0h 2m from now) **
// **************************
// Benchmark: FtmsCodecBenchmarks.DecodeFullIndoorBikeData: DefaultJob
// *** Execute ***
// Launch: 1 / 1
// Execute: dotnet Stationary.Ftms.Benchmarks-DefaultJob-1.dll --anonymousPipes 123 124 --benchmarkName Stationary.Ftms.Benchmarks.FtmsCodecBenchmarks.DecodeFullIndoorBikeData --job Default --benchmarkId 3 in /Users/antaoalmada/Projects/Stationary/benchmarks/Stationary.Ftms.Benchmarks/bin/Release/net10.0/Stationary.Ftms.Benchmarks-DefaultJob-1/bin/Release/net10.0
// Failed to set up high priority (Permission denied). In order to run benchmarks with high priority, make sure you have the right permissions.
// BeforeAnythingElse

// Benchmark Process Environment Information:
// BenchmarkDotNet v0.15.8
// Runtime=.NET 10.0.0 (10.0.0, 10.0.25.52411), Arm64 RyuJIT armv8.0-a
// GC=Concurrent Workstation
// HardwareIntrinsics=ArmBase+AdvSimd,AES,CRC32,DP,RDM,SHA1,SHA256 VectorSize=128
// Job: DefaultJob

OverheadJitting  1: 1 op, 2568042.00 ns, 2.5680 ms/op
WorkloadJitting  1: 1 op, 152750.00 ns, 152.7500 us/op

OverheadJitting  2: 16 op, 146708.00 ns, 9.1693 us/op
WorkloadJitting  2: 16 op, 128125.00 ns, 8.0078 us/op

WorkloadPilot    1: 16 op, 3250.00 ns, 203.1250 ns/op
WorkloadPilot    2: 32 op, 5917.00 ns, 184.9063 ns/op
WorkloadPilot    3: 64 op, 10084.00 ns, 157.5625 ns/op
WorkloadPilot    4: 128 op, 19166.00 ns, 149.7344 ns/op
WorkloadPilot    5: 256 op, 35459.00 ns, 138.5117 ns/op
WorkloadPilot    6: 512 op, 67708.00 ns, 132.2422 ns/op
WorkloadPilot    7: 1024 op, 135958.00 ns, 132.7715 ns/op
WorkloadPilot    8: 2048 op, 267459.00 ns, 130.5952 ns/op
WorkloadPilot    9: 4096 op, 533166.00 ns, 130.1675 ns/op
WorkloadPilot   10: 8192 op, 1281208.00 ns, 156.3975 ns/op
WorkloadPilot   11: 16384 op, 2243375.00 ns, 136.9247 ns/op
WorkloadPilot   12: 32768 op, 4378208.00 ns, 133.6123 ns/op
WorkloadPilot   13: 65536 op, 9556458.00 ns, 145.8200 ns/op
WorkloadPilot   14: 131072 op, 17916959.00 ns, 136.6955 ns/op
WorkloadPilot   15: 262144 op, 33803750.00 ns, 128.9511 ns/op
WorkloadPilot   16: 524288 op, 56667583.00 ns, 108.0848 ns/op
WorkloadPilot   17: 1048576 op, 21581333.00 ns, 20.5816 ns/op
WorkloadPilot   18: 2097152 op, 42916875.00 ns, 20.4644 ns/op
WorkloadPilot   19: 4194304 op, 86016000.00 ns, 20.5078 ns/op
WorkloadPilot   20: 8388608 op, 171098625.00 ns, 20.3965 ns/op
WorkloadPilot   21: 16777216 op, 340665458.00 ns, 20.3052 ns/op
WorkloadPilot   22: 33554432 op, 680155000.00 ns, 20.2702 ns/op

OverheadWarmup   1: 33554432 op, 71153167.00 ns, 2.1205 ns/op
OverheadWarmup   2: 33554432 op, 71472042.00 ns, 2.1300 ns/op
OverheadWarmup   3: 33554432 op, 68526666.00 ns, 2.0423 ns/op
OverheadWarmup   4: 33554432 op, 50115125.00 ns, 1.4935 ns/op
OverheadWarmup   5: 33554432 op, 49826916.00 ns, 1.4850 ns/op
OverheadWarmup   6: 33554432 op, 49702875.00 ns, 1.4813 ns/op
OverheadWarmup   7: 33554432 op, 49559875.00 ns, 1.4770 ns/op
OverheadWarmup   8: 33554432 op, 50150625.00 ns, 1.4946 ns/op
OverheadWarmup   9: 33554432 op, 50132292.00 ns, 1.4941 ns/op

OverheadActual   1: 33554432 op, 49683333.00 ns, 1.4807 ns/op
OverheadActual   2: 33554432 op, 49842292.00 ns, 1.4854 ns/op
OverheadActual   3: 33554432 op, 49411000.00 ns, 1.4726 ns/op
OverheadActual   4: 33554432 op, 49746667.00 ns, 1.4826 ns/op
OverheadActual   5: 33554432 op, 50064875.00 ns, 1.4920 ns/op
OverheadActual   6: 33554432 op, 49575834.00 ns, 1.4775 ns/op
OverheadActual   7: 33554432 op, 49983583.00 ns, 1.4896 ns/op
OverheadActual   8: 33554432 op, 49289625.00 ns, 1.4689 ns/op
OverheadActual   9: 33554432 op, 49098875.00 ns, 1.4633 ns/op
OverheadActual  10: 33554432 op, 49744708.00 ns, 1.4825 ns/op
OverheadActual  11: 33554432 op, 49836708.00 ns, 1.4852 ns/op
OverheadActual  12: 33554432 op, 49831125.00 ns, 1.4851 ns/op
OverheadActual  13: 33554432 op, 49749333.00 ns, 1.4826 ns/op
OverheadActual  14: 33554432 op, 49508917.00 ns, 1.4755 ns/op
OverheadActual  15: 33554432 op, 49771875.00 ns, 1.4833 ns/op

WorkloadWarmup   1: 33554432 op, 682386458.00 ns, 20.3367 ns/op
WorkloadWarmup   2: 33554432 op, 685775792.00 ns, 20.4377 ns/op
WorkloadWarmup   3: 33554432 op, 683689542.00 ns, 20.3755 ns/op
WorkloadWarmup   4: 33554432 op, 680873125.00 ns, 20.2916 ns/op
WorkloadWarmup   5: 33554432 op, 686674500.00 ns, 20.4645 ns/op
WorkloadWarmup   6: 33554432 op, 691800834.00 ns, 20.6173 ns/op
WorkloadWarmup   7: 33554432 op, 689234250.00 ns, 20.5408 ns/op

// BeforeActualRun
WorkloadActual   1: 33554432 op, 688170750.00 ns, 20.5091 ns/op
WorkloadActual   2: 33554432 op, 687551000.00 ns, 20.4906 ns/op
WorkloadActual   3: 33554432 op, 685479917.00 ns, 20.4289 ns/op
WorkloadActual   4: 33554432 op, 691271250.00 ns, 20.6015 ns/op
WorkloadActual   5: 33554432 op, 688533125.00 ns, 20.5199 ns/op
WorkloadActual   6: 33554432 op, 680860417.00 ns, 20.2912 ns/op
WorkloadActual   7: 33554432 op, 682378375.00 ns, 20.3365 ns/op
WorkloadActual   8: 33554432 op, 684031083.00 ns, 20.3857 ns/op
WorkloadActual   9: 33554432 op, 681015542.00 ns, 20.2958 ns/op
WorkloadActual  10: 33554432 op, 679423208.00 ns, 20.2484 ns/op
WorkloadActual  11: 33554432 op, 683630209.00 ns, 20.3738 ns/op
WorkloadActual  12: 33554432 op, 679071500.00 ns, 20.2379 ns/op
WorkloadActual  13: 33554432 op, 679771125.00 ns, 20.2588 ns/op
WorkloadActual  14: 33554432 op, 680292083.00 ns, 20.2743 ns/op
WorkloadActual  15: 33554432 op, 683694750.00 ns, 20.3757 ns/op

// AfterActualRun
WorkloadResult   1: 33554432 op, 638424083.00 ns, 19.0265 ns/op
WorkloadResult   2: 33554432 op, 637804333.00 ns, 19.0081 ns/op
WorkloadResult   3: 33554432 op, 635733250.00 ns, 18.9463 ns/op
WorkloadResult   4: 33554432 op, 641524583.00 ns, 19.1189 ns/op
WorkloadResult   5: 33554432 op, 638786458.00 ns, 19.0373 ns/op
WorkloadResult   6: 33554432 op, 631113750.00 ns, 18.8087 ns/op
WorkloadResult   7: 33554432 op, 632631708.00 ns, 18.8539 ns/op
WorkloadResult   8: 33554432 op, 634284416.00 ns, 18.9031 ns/op
WorkloadResult   9: 33554432 op, 631268875.00 ns, 18.8133 ns/op
WorkloadResult  10: 33554432 op, 629676541.00 ns, 18.7658 ns/op
WorkloadResult  11: 33554432 op, 633883542.00 ns, 18.8912 ns/op
WorkloadResult  12: 33554432 op, 629324833.00 ns, 18.7553 ns/op
WorkloadResult  13: 33554432 op, 630024458.00 ns, 18.7762 ns/op
WorkloadResult  14: 33554432 op, 630545416.00 ns, 18.7917 ns/op
WorkloadResult  15: 33554432 op, 633948083.00 ns, 18.8931 ns/op
// GC:  0 0 0 32 33554432
// Threading:  0 0 33554432

// AfterAll
// Benchmark Process 59581 has exited with code 0.

Mean = 18.893 ns, StdErr = 0.029 ns (0.15%), N = 15, StdDev = 0.113 ns
Min = 18.755 ns, Q1 = 18.800 ns, Median = 18.891 ns, Q3 = 18.977 ns, Max = 19.119 ns
IQR = 0.177 ns, LowerFence = 18.535 ns, UpperFence = 19.243 ns
ConfidenceInterval = [18.771 ns; 19.014 ns] (CI 99.9%), Margin = 0.121 ns (0.64% of Mean)
Skewness = 0.47, Kurtosis = 1.84, MValue = 2

// ** Remained 4 (50,0%) benchmark(s) to run. Estimated finish 2026-09-07 0:03 (0h 1m from now) **
// **************************
// Benchmark: FtmsCodecBenchmarks.DecodeFullIndoorBikeDataCompatible: DefaultJob
// *** Execute ***
// Launch: 1 / 1
// Execute: dotnet Stationary.Ftms.Benchmarks-DefaultJob-1.dll --anonymousPipes 104 105 --benchmarkName Stationary.Ftms.Benchmarks.FtmsCodecBenchmarks.DecodeFullIndoorBikeDataCompatible --job Default --benchmarkId 4 in /Users/antaoalmada/Projects/Stationary/benchmarks/Stationary.Ftms.Benchmarks/bin/Release/net10.0/Stationary.Ftms.Benchmarks-DefaultJob-1/bin/Release/net10.0
// Failed to set up high priority (Permission denied). In order to run benchmarks with high priority, make sure you have the right permissions.
// BeforeAnythingElse

// Benchmark Process Environment Information:
// BenchmarkDotNet v0.15.8
// Runtime=.NET 10.0.0 (10.0.0, 10.0.25.52411), Arm64 RyuJIT armv8.0-a
// GC=Concurrent Workstation
// HardwareIntrinsics=ArmBase+AdvSimd,AES,CRC32,DP,RDM,SHA1,SHA256 VectorSize=128
// Job: DefaultJob

OverheadJitting  1: 1 op, 119833.00 ns, 119.8330 us/op
WorkloadJitting  1: 1 op, 157708.00 ns, 157.7080 us/op

OverheadJitting  2: 16 op, 146625.00 ns, 9.1641 us/op
WorkloadJitting  2: 16 op, 154167.00 ns, 9.6354 us/op

WorkloadPilot    1: 16 op, 4750.00 ns, 296.8750 ns/op
WorkloadPilot    2: 32 op, 5333.00 ns, 166.6563 ns/op
WorkloadPilot    3: 64 op, 9417.00 ns, 147.1406 ns/op
WorkloadPilot    4: 128 op, 18500.00 ns, 144.5313 ns/op
WorkloadPilot    5: 256 op, 33625.00 ns, 131.3477 ns/op
WorkloadPilot    6: 512 op, 66167.00 ns, 129.2324 ns/op
WorkloadPilot    7: 1024 op, 128250.00 ns, 125.2441 ns/op
WorkloadPilot    8: 2048 op, 254542.00 ns, 124.2881 ns/op
WorkloadPilot    9: 4096 op, 506708.00 ns, 123.7080 ns/op
WorkloadPilot   10: 8192 op, 1019208.00 ns, 124.4150 ns/op
WorkloadPilot   11: 16384 op, 2138875.00 ns, 130.5466 ns/op
WorkloadPilot   12: 32768 op, 4090541.00 ns, 124.8334 ns/op
WorkloadPilot   13: 65536 op, 8394500.00 ns, 128.0899 ns/op
WorkloadPilot   14: 131072 op, 16693542.00 ns, 127.3616 ns/op
WorkloadPilot   15: 262144 op, 33630041.00 ns, 128.2884 ns/op
WorkloadPilot   16: 524288 op, 66633708.00 ns, 127.0937 ns/op
WorkloadPilot   17: 1048576 op, 96544292.00 ns, 92.0718 ns/op
WorkloadPilot   18: 2097152 op, 43237458.00 ns, 20.6172 ns/op
WorkloadPilot   19: 4194304 op, 85901084.00 ns, 20.4804 ns/op
WorkloadPilot   20: 8388608 op, 171389042.00 ns, 20.4312 ns/op
WorkloadPilot   21: 16777216 op, 342072125.00 ns, 20.3891 ns/op
WorkloadPilot   22: 33554432 op, 684014583.00 ns, 20.3852 ns/op

OverheadWarmup   1: 33554432 op, 71517417.00 ns, 2.1314 ns/op
OverheadWarmup   2: 33554432 op, 71322292.00 ns, 2.1256 ns/op
OverheadWarmup   3: 33554432 op, 69786250.00 ns, 2.0798 ns/op
OverheadWarmup   4: 33554432 op, 46674250.00 ns, 1.3910 ns/op
OverheadWarmup   5: 33554432 op, 46583625.00 ns, 1.3883 ns/op
OverheadWarmup   6: 33554432 op, 46883458.00 ns, 1.3972 ns/op
OverheadWarmup   7: 33554432 op, 46999500.00 ns, 1.4007 ns/op
OverheadWarmup   8: 33554432 op, 49200334.00 ns, 1.4663 ns/op
OverheadWarmup   9: 33554432 op, 50351334.00 ns, 1.5006 ns/op
OverheadWarmup  10: 33554432 op, 52332250.00 ns, 1.5596 ns/op

OverheadActual   1: 33554432 op, 50179834.00 ns, 1.4955 ns/op
OverheadActual   2: 33554432 op, 50857041.00 ns, 1.5157 ns/op
OverheadActual   3: 33554432 op, 50047250.00 ns, 1.4915 ns/op
OverheadActual   4: 33554432 op, 49943041.00 ns, 1.4884 ns/op
OverheadActual   5: 33554432 op, 49846583.00 ns, 1.4855 ns/op
OverheadActual   6: 33554432 op, 49652792.00 ns, 1.4798 ns/op
OverheadActual   7: 33554432 op, 49939916.00 ns, 1.4883 ns/op
OverheadActual   8: 33554432 op, 49787583.00 ns, 1.4838 ns/op
OverheadActual   9: 33554432 op, 50875292.00 ns, 1.5162 ns/op
OverheadActual  10: 33554432 op, 53018542.00 ns, 1.5801 ns/op
OverheadActual  11: 33554432 op, 51879916.00 ns, 1.5461 ns/op
OverheadActual  12: 33554432 op, 50268209.00 ns, 1.4981 ns/op
OverheadActual  13: 33554432 op, 51087583.00 ns, 1.5225 ns/op
OverheadActual  14: 33554432 op, 50885333.00 ns, 1.5165 ns/op
OverheadActual  15: 33554432 op, 52453041.00 ns, 1.5632 ns/op

WorkloadWarmup   1: 33554432 op, 686257291.00 ns, 20.4521 ns/op
WorkloadWarmup   2: 33554432 op, 679466875.00 ns, 20.2497 ns/op
WorkloadWarmup   3: 33554432 op, 682918542.00 ns, 20.3526 ns/op
WorkloadWarmup   4: 33554432 op, 678286833.00 ns, 20.2145 ns/op
WorkloadWarmup   5: 33554432 op, 678469291.00 ns, 20.2200 ns/op
WorkloadWarmup   6: 33554432 op, 677366375.00 ns, 20.1871 ns/op

// BeforeActualRun
WorkloadActual   1: 33554432 op, 677715375.00 ns, 20.1975 ns/op
WorkloadActual   2: 33554432 op, 676774417.00 ns, 20.1694 ns/op
WorkloadActual   3: 33554432 op, 677194917.00 ns, 20.1820 ns/op
WorkloadActual   4: 33554432 op, 676799792.00 ns, 20.1702 ns/op
WorkloadActual   5: 33554432 op, 676022917.00 ns, 20.1471 ns/op
WorkloadActual   6: 33554432 op, 677836875.00 ns, 20.2011 ns/op
WorkloadActual   7: 33554432 op, 676509250.00 ns, 20.1615 ns/op
WorkloadActual   8: 33554432 op, 675177250.00 ns, 20.1219 ns/op
WorkloadActual   9: 33554432 op, 676080541.00 ns, 20.1488 ns/op
WorkloadActual  10: 33554432 op, 674786084.00 ns, 20.1102 ns/op
WorkloadActual  11: 33554432 op, 674552083.00 ns, 20.1032 ns/op
WorkloadActual  12: 33554432 op, 676003041.00 ns, 20.1465 ns/op
WorkloadActual  13: 33554432 op, 674910375.00 ns, 20.1139 ns/op
WorkloadActual  14: 33554432 op, 676398250.00 ns, 20.1582 ns/op
WorkloadActual  15: 33554432 op, 675682167.00 ns, 20.1369 ns/op

// AfterActualRun
WorkloadResult   1: 33554432 op, 627447166.00 ns, 18.6994 ns/op
WorkloadResult   2: 33554432 op, 626506208.00 ns, 18.6713 ns/op
WorkloadResult   3: 33554432 op, 626926708.00 ns, 18.6839 ns/op
WorkloadResult   4: 33554432 op, 626531583.00 ns, 18.6721 ns/op
WorkloadResult   5: 33554432 op, 625754708.00 ns, 18.6489 ns/op
WorkloadResult   6: 33554432 op, 627568666.00 ns, 18.7030 ns/op
WorkloadResult   7: 33554432 op, 626241041.00 ns, 18.6634 ns/op
WorkloadResult   8: 33554432 op, 624909041.00 ns, 18.6237 ns/op
WorkloadResult   9: 33554432 op, 625812332.00 ns, 18.6507 ns/op
WorkloadResult  10: 33554432 op, 624517875.00 ns, 18.6121 ns/op
WorkloadResult  11: 33554432 op, 624283874.00 ns, 18.6051 ns/op
WorkloadResult  12: 33554432 op, 625734832.00 ns, 18.6484 ns/op
WorkloadResult  13: 33554432 op, 624642166.00 ns, 18.6158 ns/op
WorkloadResult  14: 33554432 op, 626130041.00 ns, 18.6601 ns/op
WorkloadResult  15: 33554432 op, 625413958.00 ns, 18.6388 ns/op
// GC:  0 0 0 0 33554432
// Threading:  0 0 33554432

// AfterAll
// Benchmark Process 59644 has exited with code 0.

Mean = 18.653 ns, StdErr = 0.008 ns (0.04%), N = 15, StdDev = 0.030 ns
Min = 18.605 ns, Q1 = 18.631 ns, Median = 18.651 ns, Q3 = 18.672 ns, Max = 18.703 ns
IQR = 0.040 ns, LowerFence = 18.571 ns, UpperFence = 18.732 ns
ConfidenceInterval = [18.621 ns; 18.686 ns] (CI 99.9%), Margin = 0.032 ns (0.17% of Mean)
Skewness = 0.02, Kurtosis = 1.78, MValue = 2

// ** Remained 3 (37,5%) benchmark(s) to run. Estimated finish 2026-09-07 0:03 (0h 1m from now) **
// **************************
// Benchmark: FtmsCodecBenchmarks.DecodeTruncatedIndoorBikeData: DefaultJob
// *** Execute ***
// Launch: 1 / 1
// Execute: dotnet Stationary.Ftms.Benchmarks-DefaultJob-1.dll --anonymousPipes 104 105 --benchmarkName Stationary.Ftms.Benchmarks.FtmsCodecBenchmarks.DecodeTruncatedIndoorBikeData --job Default --benchmarkId 5 in /Users/antaoalmada/Projects/Stationary/benchmarks/Stationary.Ftms.Benchmarks/bin/Release/net10.0/Stationary.Ftms.Benchmarks-DefaultJob-1/bin/Release/net10.0
// Failed to set up high priority (Permission denied). In order to run benchmarks with high priority, make sure you have the right permissions.
// BeforeAnythingElse

// Benchmark Process Environment Information:
// BenchmarkDotNet v0.15.8
// Runtime=.NET 10.0.0 (10.0.0, 10.0.25.52411), Arm64 RyuJIT armv8.0-a
// GC=Concurrent Workstation
// HardwareIntrinsics=ArmBase+AdvSimd,AES,CRC32,DP,RDM,SHA1,SHA256 VectorSize=128
// Job: DefaultJob

OverheadJitting  1: 1 op, 125625.00 ns, 125.6250 us/op
WorkloadJitting  1: 1 op, 578292.00 ns, 578.2920 us/op

OverheadJitting  2: 16 op, 297042.00 ns, 18.5651 us/op
WorkloadJitting  2: 16 op, 264667.00 ns, 16.5417 us/op

WorkloadPilot    1: 16 op, 1250.00 ns, 78.1250 ns/op
WorkloadPilot    2: 32 op, 792.00 ns, 24.7500 ns/op
WorkloadPilot    3: 64 op, 1167.00 ns, 18.2344 ns/op
WorkloadPilot    4: 128 op, 1542.00 ns, 12.0469 ns/op
WorkloadPilot    5: 256 op, 3125.00 ns, 12.2070 ns/op
WorkloadPilot    6: 512 op, 6041.00 ns, 11.7988 ns/op
WorkloadPilot    7: 1024 op, 11709.00 ns, 11.4346 ns/op
WorkloadPilot    8: 2048 op, 22666.00 ns, 11.0674 ns/op
WorkloadPilot    9: 4096 op, 44875.00 ns, 10.9558 ns/op
WorkloadPilot   10: 8192 op, 86042.00 ns, 10.5032 ns/op
WorkloadPilot   11: 16384 op, 172709.00 ns, 10.5413 ns/op
WorkloadPilot   12: 32768 op, 343958.00 ns, 10.4968 ns/op
WorkloadPilot   13: 65536 op, 716875.00 ns, 10.9386 ns/op
WorkloadPilot   14: 131072 op, 1931542.00 ns, 14.7365 ns/op
WorkloadPilot   15: 262144 op, 2836250.00 ns, 10.8194 ns/op
WorkloadPilot   16: 524288 op, 5874958.00 ns, 11.2056 ns/op
WorkloadPilot   17: 1048576 op, 12330083.00 ns, 11.7589 ns/op
WorkloadPilot   18: 2097152 op, 23619250.00 ns, 11.2625 ns/op
WorkloadPilot   19: 4194304 op, 44620542.00 ns, 10.6384 ns/op
WorkloadPilot   20: 8388608 op, 85023833.00 ns, 10.1356 ns/op
WorkloadPilot   21: 16777216 op, 121858917.00 ns, 7.2634 ns/op
WorkloadPilot   22: 33554432 op, 242515833.00 ns, 7.2275 ns/op
WorkloadPilot   23: 67108864 op, 485839250.00 ns, 7.2396 ns/op
WorkloadPilot   24: 134217728 op, 968970875.00 ns, 7.2194 ns/op

OverheadWarmup   1: 134217728 op, 260160500.00 ns, 1.9383 ns/op
OverheadWarmup   2: 134217728 op, 196475708.00 ns, 1.4639 ns/op
OverheadWarmup   3: 134217728 op, 196672833.00 ns, 1.4653 ns/op
OverheadWarmup   4: 134217728 op, 196976000.00 ns, 1.4676 ns/op
OverheadWarmup   5: 134217728 op, 197978541.00 ns, 1.4751 ns/op
OverheadWarmup   6: 134217728 op, 198035750.00 ns, 1.4755 ns/op
OverheadWarmup   7: 134217728 op, 196082667.00 ns, 1.4609 ns/op
OverheadWarmup   8: 134217728 op, 196948667.00 ns, 1.4674 ns/op
OverheadWarmup   9: 134217728 op, 196860875.00 ns, 1.4667 ns/op

OverheadActual   1: 134217728 op, 196850334.00 ns, 1.4666 ns/op
OverheadActual   2: 134217728 op, 197256875.00 ns, 1.4697 ns/op
OverheadActual   3: 134217728 op, 196884834.00 ns, 1.4669 ns/op
OverheadActual   4: 134217728 op, 197462875.00 ns, 1.4712 ns/op
OverheadActual   5: 134217728 op, 197418125.00 ns, 1.4709 ns/op
OverheadActual   6: 134217728 op, 197168167.00 ns, 1.4690 ns/op
OverheadActual   7: 134217728 op, 196808042.00 ns, 1.4663 ns/op
OverheadActual   8: 134217728 op, 197357666.00 ns, 1.4704 ns/op
OverheadActual   9: 134217728 op, 196723459.00 ns, 1.4657 ns/op
OverheadActual  10: 134217728 op, 196969167.00 ns, 1.4675 ns/op
OverheadActual  11: 134217728 op, 196672542.00 ns, 1.4653 ns/op
OverheadActual  12: 134217728 op, 197357417.00 ns, 1.4704 ns/op
OverheadActual  13: 134217728 op, 196626959.00 ns, 1.4650 ns/op
OverheadActual  14: 134217728 op, 196568750.00 ns, 1.4646 ns/op
OverheadActual  15: 134217728 op, 197206542.00 ns, 1.4693 ns/op

WorkloadWarmup   1: 134217728 op, 973759500.00 ns, 7.2551 ns/op
WorkloadWarmup   2: 134217728 op, 976082209.00 ns, 7.2724 ns/op
WorkloadWarmup   3: 134217728 op, 970528667.00 ns, 7.2310 ns/op
WorkloadWarmup   4: 134217728 op, 968626792.00 ns, 7.2168 ns/op
WorkloadWarmup   5: 134217728 op, 988499375.00 ns, 7.3649 ns/op
WorkloadWarmup   6: 134217728 op, 973831792.00 ns, 7.2556 ns/op

// BeforeActualRun
WorkloadActual   1: 134217728 op, 1061064583.00 ns, 7.9055 ns/op
WorkloadActual   2: 134217728 op, 1071778375.00 ns, 7.9854 ns/op
WorkloadActual   3: 134217728 op, 1165976458.00 ns, 8.6872 ns/op
WorkloadActual   4: 134217728 op, 1363446958.00 ns, 10.1585 ns/op
WorkloadActual   5: 134217728 op, 1435728500.00 ns, 10.6970 ns/op
WorkloadActual   6: 134217728 op, 1341649875.00 ns, 9.9961 ns/op
WorkloadActual   7: 134217728 op, 994884875.00 ns, 7.4125 ns/op
WorkloadActual   8: 134217728 op, 1156880416.00 ns, 8.6194 ns/op
WorkloadActual   9: 134217728 op, 983791167.00 ns, 7.3298 ns/op
WorkloadActual  10: 134217728 op, 1039041959.00 ns, 7.7415 ns/op
WorkloadActual  11: 134217728 op, 977810792.00 ns, 7.2853 ns/op
WorkloadActual  12: 134217728 op, 1039835958.00 ns, 7.7474 ns/op
WorkloadActual  13: 134217728 op, 1027265166.00 ns, 7.6537 ns/op
WorkloadActual  14: 134217728 op, 976785875.00 ns, 7.2776 ns/op
WorkloadActual  15: 134217728 op, 1030824417.00 ns, 7.6802 ns/op
WorkloadActual  16: 134217728 op, 975610375.00 ns, 7.2689 ns/op
WorkloadActual  17: 134217728 op, 1043233417.00 ns, 7.7727 ns/op
WorkloadActual  18: 134217728 op, 974955750.00 ns, 7.2640 ns/op
WorkloadActual  19: 134217728 op, 1035961917.00 ns, 7.7185 ns/op
WorkloadActual  20: 134217728 op, 1034519667.00 ns, 7.7078 ns/op
WorkloadActual  21: 134217728 op, 975446333.00 ns, 7.2676 ns/op
WorkloadActual  22: 134217728 op, 973224625.00 ns, 7.2511 ns/op
WorkloadActual  23: 134217728 op, 1021517167.00 ns, 7.6109 ns/op
WorkloadActual  24: 134217728 op, 992142083.00 ns, 7.3920 ns/op
WorkloadActual  25: 134217728 op, 973740708.00 ns, 7.2549 ns/op
WorkloadActual  26: 134217728 op, 974569709.00 ns, 7.2611 ns/op
WorkloadActual  27: 134217728 op, 1022787750.00 ns, 7.6204 ns/op
WorkloadActual  28: 134217728 op, 968267708.00 ns, 7.2142 ns/op
WorkloadActual  29: 134217728 op, 970304459.00 ns, 7.2293 ns/op
WorkloadActual  30: 134217728 op, 969099292.00 ns, 7.2204 ns/op
WorkloadActual  31: 134217728 op, 1028477458.00 ns, 7.6628 ns/op
WorkloadActual  32: 134217728 op, 1016863083.00 ns, 7.5762 ns/op
WorkloadActual  33: 134217728 op, 968331125.00 ns, 7.2146 ns/op
WorkloadActual  34: 134217728 op, 970727541.00 ns, 7.2325 ns/op
WorkloadActual  35: 134217728 op, 970185125.00 ns, 7.2284 ns/op
WorkloadActual  36: 134217728 op, 1068193834.00 ns, 7.9587 ns/op
WorkloadActual  37: 134217728 op, 968923916.00 ns, 7.2190 ns/op
WorkloadActual  38: 134217728 op, 966900167.00 ns, 7.2040 ns/op
WorkloadActual  39: 134217728 op, 969705334.00 ns, 7.2249 ns/op
